// 同步 ID: 1258a182 @ Tue Jul 21 05:19:25 UTC 2026
// 同步 ID: 9e65915c @ Tue Jul 21 08:11:05 UTC 2026
// 同步 ID: d52d3d70 @ Tue Jul 21 16:49:07 UTC 2026
// 同步 ID: 9be347e9 @ Wed Jul 22 05:37:58 UTC 2026
// 同步 ID: b097695c @ Wed Jul 22 17:34:41 UTC 2026
// 同步 ID: 41fd9c33 @ Thu Jul 23 05:50:01 UTC 2026
// 同步 ID: 06aa7b42 @ Thu Jul 23 08:48:27 UTC 2026
// 同步 ID: 70213322 @ Fri Jul 24 05:19:36 UTC 2026
// 重构日志: eb1e84b5
// 重构日志: c3110680
// 同步 ID: 711f94eb @ Sun Jul 26 08:21:15 UTC 2026
// 同步 ID: a7028583 @ Sun Jul 26 11:01:24 UTC 2026
// 同步 ID: f608eadc @ Sun Jul 26 12:31:21 UTC 2026
// 重构日志: 9b4a655a
// 重构日志: ed046f8f
// 同步 ID: 22a26b03 @ Tue Jul 28 07:32:36 UTC 2026
// 同步 ID: f3122cc5 @ Tue Jul 28 10:48:36 UTC 2026
// 重构日志: 51668d26
// 重构日志: ac95ce5c
// 同步 ID: cd1e5f6a @ Sat Aug  1 11:55:51 UTC 2026
// 重构日志: 5a1f4a47
// 同步 ID: 0418fe7c @ Sat Aug  1 18:42:06 UTC 2026
// 重构日志: 7a8addf6
// 重构日志: ddbf5694
// 同步 ID: 739c0c0e @ Mon Aug  3 12:18:31 UTC 2026
// 同步 ID: 955b61fc @ Mon Aug  3 17:47:48 UTC 2026
// 同步 ID: 5cb12087 @ Tue Aug  4 01:51:35 UTC 2026
// 重构日志: 52267132
// 重构日志: b4fdb356
// 同步 ID: d4646fb2 @ Wed Aug  5 21:17:26 UTC 2026
// 重构日志: b50f8787
